a: 0.125
b: 0.000
c: 0.028
d: 0.042
e: 0.250
f: 0.000
g: 0.000
h: 0.000
i: 0.056
j: 0.000
k: 0.000
l: 0.042
m: 0.097
n: 0.028
o: 0.000
p: 0.056
q: 0.000
r: 0.125
s: 0.028
t: 0.069
u: 0.056
v: 0.000
w: 0.000
x: 0.000
y: 0.000
z: 0.000
